// Jest Snapshot v1, https://goo.gl/fbAQLP

exports[`ListComponent [snapshot] it renders correctly 1`] = `
<ListGroup
  bsClass="list-group"
/>
`;
