// Jest Snapshot v1, https://goo.gl/fbAQLP

exports[`RequestJokeComponent [snapshot] it renders correctly 1`] = `
ShallowWrapper {
  "length": 1,
  Symbol(enzyme.__root__): [Circular],
  Symbol(enzyme.__unrendered__): <DisconnectedRequestJokeComponent
    requestJoke={[Function]}
/>,
  Symbol(enzyme.__renderer__): Object {
    "batchedUpdates": [Function],
    "getNode": [Function],
    "render": [Function],
    "simulateEvent": [Function],
    "unmount": [Function],
  },
  Symbol(enzyme.__node__): Object {
    "instance": null,
    "key": undefined,
    "nodeType": "host",
    "props": Object {
      "children": Array [
        <div
          className="form-group"
>
          <label
                    className="control-label"
          >
                    Request more Jokes!
          </label>
          <input
                    className="form-control"
                    onChange={[Function]}
                    placeholder="Enter id..."
                    type="number"
                    value=""
          />
</div>,
        <button
          className="btn btn-primary"
>
          Request joke with this id
</button>,
      ],
      "onSubmit": [Function],
    },
    "ref": null,
    "rendered": Array [
      Object {
        "instance": null,
        "key": undefined,
        "nodeType": "host",
        "props": Object {
          "children": Array [
            <label
              className="control-label"
>
              Request more Jokes!
</label>,
            <input
              className="form-control"
              onChange={[Function]}
              placeholder="Enter id..."
              type="number"
              value=""
/>,
          ],
          "className": "form-group",
        },
        "ref": null,
        "rendered": Array [
          Object {
            "instance": null,
            "key": undefined,
            "nodeType": "host",
            "props": Object {
              "children": "Request more Jokes!",
              "className": "control-label",
            },
            "ref": null,
            "rendered": "Request more Jokes!",
            "type": "label",
          },
          Object {
            "instance": null,
            "key": undefined,
            "nodeType": "host",
            "props": Object {
              "className": "form-control",
              "onChange": [Function],
              "placeholder": "Enter id...",
              "type": "number",
              "value": "",
            },
            "ref": null,
            "rendered": null,
            "type": "input",
          },
        ],
        "type": "div",
      },
      Object {
        "instance": null,
        "key": undefined,
        "nodeType": "host",
        "props": Object {
          "children": "Request joke with this id",
          "className": "btn btn-primary",
        },
        "ref": null,
        "rendered": "Request joke with this id",
        "type": "button",
      },
    ],
    "type": "form",
  },
  Symbol(enzyme.__nodes__): Array [
    Object {
      "instance": null,
      "key": undefined,
      "nodeType": "host",
      "props": Object {
        "children": Array [
          <div
            className="form-group"
>
            <label
                        className="control-label"
            >
                        Request more Jokes!
            </label>
            <input
                        className="form-control"
                        onChange={[Function]}
                        placeholder="Enter id..."
                        type="number"
                        value=""
            />
</div>,
          <button
            className="btn btn-primary"
>
            Request joke with this id
</button>,
        ],
        "onSubmit": [Function],
      },
      "ref": null,
      "rendered": Array [
        Object {
          "instance": null,
          "key": undefined,
          "nodeType": "host",
          "props": Object {
            "children": Array [
              <label
                className="control-label"
>
                Request more Jokes!
</label>,
              <input
                className="form-control"
                onChange={[Function]}
                placeholder="Enter id..."
                type="number"
                value=""
/>,
            ],
            "className": "form-group",
          },
          "ref": null,
          "rendered": Array [
            Object {
              "instance": null,
              "key": undefined,
              "nodeType": "host",
              "props": Object {
                "children": "Request more Jokes!",
                "className": "control-label",
              },
              "ref": null,
              "rendered": "Request more Jokes!",
              "type": "label",
            },
            Object {
              "instance": null,
              "key": undefined,
              "nodeType": "host",
              "props": Object {
                "className": "form-control",
                "onChange": [Function],
                "placeholder": "Enter id...",
                "type": "number",
                "value": "",
              },
              "ref": null,
              "rendered": null,
              "type": "input",
            },
          ],
          "type": "div",
        },
        Object {
          "instance": null,
          "key": undefined,
          "nodeType": "host",
          "props": Object {
            "children": "Request joke with this id",
            "className": "btn btn-primary",
          },
          "ref": null,
          "rendered": "Request joke with this id",
          "type": "button",
        },
      ],
      "type": "form",
    },
  ],
  Symbol(enzyme.__options__): Object {
    "adapter": ReactSixteenAdapter {
      "options": Object {
        "enableComponentDidUpdateOnSetState": true,
      },
    },
  },
}
`;
