// Jest Snapshot v1, https://goo.gl/fbAQLP

exports[`SumComponent [snapshot] it renders correctly 1`] = `
ShallowWrapper {
  "length": 1,
  Symbol(enzyme.__root__): [Circular],
  Symbol(enzyme.__unrendered__): <DisconnectedSumComponent
    jokes={
        Jokes {
            "listOfJokes": Array [],
          }
    }
/>,
  Symbol(enzyme.__renderer__): Object {
    "batchedUpdates": [Function],
    "getNode": [Function],
    "render": [Function],
    "simulateEvent": [Function],
    "unmount": [Function],
  },
  Symbol(enzyme.__node__): Object {
    "instance": null,
    "key": undefined,
    "nodeType": "host",
    "props": Object {
      "children": "Sum of all characters: 0",
      "className": "well test-class-sum",
    },
    "ref": null,
    "rendered": "Sum of all characters: 0",
    "type": "div",
  },
  Symbol(enzyme.__nodes__): Array [
    Object {
      "instance": null,
      "key": undefined,
      "nodeType": "host",
      "props": Object {
        "children": "Sum of all characters: 0",
        "className": "well test-class-sum",
      },
      "ref": null,
      "rendered": "Sum of all characters: 0",
      "type": "div",
    },
  ],
  Symbol(enzyme.__options__): Object {
    "adapter": ReactSixteenAdapter {
      "options": Object {
        "enableComponentDidUpdateOnSetState": true,
      },
    },
  },
}
`;
